// Jest Snapshot v1, https://goo.gl/fbAQLP

exports[`<Login /> Deveria renderizar a pagina de login 1`] = `
<div
  className="outsideBody"
>
  <Header
    whiteLogo={true}
  />
  <div
    id="form"
  >
    <div
      className="container"
    >
      <p
        align="center"
        className="paragraphGreen"
      >
        Faça aqui seu login para começar suas transações!
      </p>
      <WithStyles(ForwardRef(TextField))
        className="textField"
        fullWidth={true}
        helperText=""
        inputProps={
          Object {
            "id": "idJestEmail",
          }
        }
        label="E-MAIL"
        name="email"
        onChange={[Function]}
        placeholder="Digite seu E-MAIL"
        required={true}
        type="email"
        value=""
        variant="outlined"
      />
      <WithStyles(ForwardRef(TextField))
        className="textField"
        fullWidth={true}
        helperText=""
        inputProps={
          Object {
            "id": "idJestPassword",
          }
        }
        label="SENHA"
        name="password"
        onChange={[Function]}
        placeholder="Digite sua SENHA"
        required={true}
        type="password"
        value=""
        variant="outlined"
      />
      <div
        className="buttonContainer"
      >
        <BrowserRouter>
          <Link
            to="/register"
          >
            <WithStyles(ForwardRef(Button))
              className="secondaryButton"
              variant="outlined"
            >
              Quero me cadastrar
            </WithStyles(ForwardRef(Button))>
          </Link>
          <WithStyles(ForwardRef(Button))
            className="primaryButton"
            id="enterButton"
            onClick={[Function]}
            variant="contained"
          >
            Entrar
          </WithStyles(ForwardRef(Button))>
        </BrowserRouter>
      </div>
    </div>
  </div>
</div>
`;
